
--- Job Ex2-1-labor.gms Start 09/21/26 20:50:16 54.4.0 9a60ae27 DAX-DAC arm 64bit/macOS
--- Applying:
    /Library/Frameworks/GAMS.framework/Versions/54/Resources/gmsprmun.txt
--- GAMS Parameters defined
    Input "/Users/ammonwallace/Library/CloudStorage/OneDrive-USU/2026-2027/Fall 2026/Engineering Systems Analysis/Code/Submit GAMS/Ex2-1-labor.gms"
    PageSize 0
    ScrDir "/Users/ammonwallace/Library/CloudStorage/OneDrive-USU/2026-2027/Fall 2026/Engineering Systems Analysis/Code/Submit GAMS/225a/"
    SysDir /Library/Frameworks/GAMS.framework/Versions/54/Resources/
    LogOption 3
    AppendLog 1
    ErrMsg 1
    ErrorLog 99
    IDE 1
    LstTitleLeftAligned 1
Licensee: GAMS Demo, for EULA and demo limitations see   G260530+0003Cc-GEN
          https://www.gams.com/latest/docs/UG%5FLicense.html         DC0000
          /Library/Frameworks/GAMS.framework/Versions/54/Resources/gamslice.txt
          ac4c742e-6023-4f8e
          v:2                                                              
          Demo license for demonstration and instructional purposes only
System information: 8 physical cores and 8 Gb physical memory detected
GAMS 54.4.0   Copyright (C) 1987-2026 GAMS Development. All rights reserved
--- Starting compilation
--- Ex2-1-labor.gms(76) 3 Mb
--- Starting execution: elapsed 0:00:00.004
--- Generating LP model PRODUCTION
--- Ex2-1-labor.gms(73) 4 Mb
---   5 rows  3 columns  10 non-zeroes
--- Range statistics (absolute non-zero finite values)
--- RHS       [min, max] : [ 6.000E+03, 1.800E+04] - Zero values observed as well
--- Bound     [min, max] : [        NA,        NA] - Zero values observed as well
--- Matrix    [min, max] : [ 1.000E+00, 1.100E+02]
--- Executing CPLEX (Solvelink=2): elapsed 0:00:00.010

IBM ILOG CPLEX   54.4.0 9a60ae27 Sep 9, 2026           DAC arm 64bit/macOS    

*** This solver runs with a demo license. No commercial use.
--- GMO setup time: 0.00s
--- GMO memory 0.50 Mb (peak 0.50 Mb)
--- Dictionary memory 0.00 Mb
--- Cplex 22.1.2.0 link memory 0.00 Mb (peak 0.00 Mb)
--- Starting Cplex

Version identifier: 22.1.2.0 | 2024-12-02 | 8bd2200c8
CPXPARAM_Advance                                 0
CPXPARAM_Simplex_Display                         2
CPXPARAM_MIP_Display                             4
CPXPARAM_MIP_Pool_Capacity                       0
3036                                             1
CPXPARAM_Preprocessing_QCPDuals                  0
CPXPARAM_MIP_Tolerances_AbsMIPGap                0
Tried aggregator 1 time.
LP Presolve eliminated 1 rows and 1 columns.
Reduced LP has 3 rows, 2 columns, and 6 nonzeros.
Presolve time = 0.00 sec. (0.00 ticks)

Iteration      Dual Objective            In Variable           Out Variable
     1  I            0.000000              X(Sedans)RES_CONSTRAIN(Sea slack
     2         1140000.000000              X(Trucks)RES_CONSTRAIN(Fue slack
     3         1080000.000000RES_CONSTRAIN(Fue slackRES_CONSTRAIN(Tot slack

--- LP status (1): optimal.
--- Cplex Time: 0.01sec (det. 0.01 ticks)


Optimal solution found
Objective:      1080000.000000

--- Reading solution for model PRODUCTION
*** Status: Normal completion
--- Job Ex2-1-labor.gms Stop 09/21/26 20:50:16 elapsed 0:00:00.069
